 Checking L.Model (/Users/alsg/Agentic/Bedrock/src/L/Model.lagda.md).
  Checking Base.Prelude (/Users/alsg/Agentic/Bedrock/src/Base/Prelude.lagda.md).
  Checking Base.Classical (/Users/alsg/Agentic/Bedrock/src/Base/Classical.lagda.md).
   Checking Base.Impredicativity (/Users/alsg/Agentic/Bedrock/src/Base/Impredicativity.lagda.md).
  Checking FOL.ZFStructure (/Users/alsg/Agentic/Bedrock/src/FOL/ZFStructure.lagda.md).
  Checking FOL.ZFModel (/Users/alsg/Agentic/Bedrock/src/FOL/ZFModel.lagda.md).
   Checking FOL.Syntax (/Users/alsg/Agentic/Bedrock/src/FOL/Syntax.lagda.md).
   Checking FOL.Semantics (/Users/alsg/Agentic/Bedrock/src/FOL/Semantics.lagda.md).
  Checking L.Constructible (/Users/alsg/Agentic/Bedrock/src/L/Constructible.lagda.md).
   Checking V.Hierarchy (/Users/alsg/Agentic/Bedrock/src/V/Hierarchy.lagda.md).
   Checking V.Model (/Users/alsg/Agentic/Bedrock/src/V/Model.lagda.md).
    Checking Base.Choice (/Users/alsg/Agentic/Bedrock/src/Base/Choice.lagda.md).
    Checking V.Smallness (/Users/alsg/Agentic/Bedrock/src/V/Smallness.lagda.md).
     Checking FOL.LevyHierarchy (/Users/alsg/Agentic/Bedrock/src/FOL/LevyHierarchy.lagda.md).
    Checking FOL.Absoluteness (/Users/alsg/Agentic/Bedrock/src/FOL/Absoluteness.lagda.md).
    Checking FOL.Manipulation.ConstantMapping (/Users/alsg/Agentic/Bedrock/src/FOL/Manipulation/ConstantMapping.lagda.md).
    Checking FOL.Manipulation.Relabelling (/Users/alsg/Agentic/Bedrock/src/FOL/Manipulation/Relabelling.lagda.md).
   Checking L.Definability (/Users/alsg/Agentic/Bedrock/src/L/Definability.lagda.md).
  Checking L.Axioms.Basic (/Users/alsg/Agentic/Bedrock/src/L/Axioms/Basic.lagda.md).
    Checking FOL.Coding (/Users/alsg/Agentic/Bedrock/src/FOL/Coding.lagda.md).
   Checking V.Coding (/Users/alsg/Agentic/Bedrock/src/V/Coding.lagda.md).
   Checking L.Ordinal (/Users/alsg/Agentic/Bedrock/src/L/Ordinal.lagda.md).
  Checking L.Axioms.Numerals (/Users/alsg/Agentic/Bedrock/src/L/Axioms/Numerals.lagda.md).
    Checking L.Ordinal.Linear (/Users/alsg/Agentic/Bedrock/src/L/Ordinal/Linear.lagda.md).
    Checking L.Rank (/Users/alsg/Agentic/Bedrock/src/L/Rank.lagda.md).
   Checking L.Ordinal.Stages (/Users/alsg/Agentic/Bedrock/src/L/Ordinal/Stages.lagda.md).
  Checking L.Axioms.Infinity (/Users/alsg/Agentic/Bedrock/src/L/Axioms/Infinity.lagda.md).
   Checking FOL.Manipulation.Renaming (/Users/alsg/Agentic/Bedrock/src/FOL/Manipulation/Renaming.lagda.md).
     Checking FOL.Manipulation.ConstantBounding (/Users/alsg/Agentic/Bedrock/src/FOL/Manipulation/ConstantBounding.lagda.md).
     Checking L.Stage (/Users/alsg/Agentic/Bedrock/src/L/Stage.lagda.md).
    Checking L.Axioms.Separation (/Users/alsg/Agentic/Bedrock/src/L/Axioms/Separation.lagda.md).
    Checking FOL.Manipulation.Relativization (/Users/alsg/Agentic/Bedrock/src/FOL/Manipulation/Relativization.lagda.md).
    Checking L.ExistentialReflection (/Users/alsg/Agentic/Bedrock/src/L/ExistentialReflection.lagda.md).
   Checking L.FormulaReflection (/Users/alsg/Agentic/Bedrock/src/L/FormulaReflection.lagda.md).
  Checking L.Axioms.Full (/Users/alsg/Agentic/Bedrock/src/L/Axioms/Full.lagda.md).
  Checking L.Axioms.Power (/Users/alsg/Agentic/Bedrock/src/L/Axioms/Power.lagda.md).
   Checking L.Choice.FirstIntersectionStage (/Users/alsg/Agentic/Bedrock/src/L/Choice/FirstIntersectionStage.lagda.md).
   Checking L.WellOrder.Base (/Users/alsg/Agentic/Bedrock/src/L/WellOrder/Base.lagda.md).
    Checking L.Choice.FiniteStageOrders (/Users/alsg/Agentic/Bedrock/src/L/Choice/FiniteStageOrders.lagda.md).
     Checking FOL.Manipulation.ConstantOccurrences (/Users/alsg/Agentic/Bedrock/src/FOL/Manipulation/ConstantOccurrences.lagda.md).
     Checking FOL.Manipulation.ParameterAbstraction (/Users/alsg/Agentic/Bedrock/src/FOL/Manipulation/ParameterAbstraction.lagda.md).
    Checking L.Choice.CanonicalNames (/Users/alsg/Agentic/Bedrock/src/L/Choice/CanonicalNames.lagda.md).
   Checking L.Choice.StageOrders (/Users/alsg/Agentic/Bedrock/src/L/Choice/StageOrders.lagda.md).
       Checking L.Coding.CodeAlphabet (/Users/alsg/Agentic/Bedrock/src/L/Coding/CodeAlphabet.lagda.md).
         Checking L.Absoluteness (/Users/alsg/Agentic/Bedrock/src/L/Absoluteness.lagda.md).
         Checking L.Coding.PairFormulas (/Users/alsg/Agentic/Bedrock/src/L/Coding/PairFormulas.lagda.md).
         Checking L.Coding.Model (/Users/alsg/Agentic/Bedrock/src/L/Coding/Model.lagda.md).
          Checking L.Coding.Environment (/Users/alsg/Agentic/Bedrock/src/L/Coding/Environment.lagda.md).
         Checking L.Coding.Expressions (/Users/alsg/Agentic/Bedrock/src/L/Coding/Expressions.lagda.md).
        Checking L.Coding.Quantification (/Users/alsg/Agentic/Bedrock/src/L/Coding/Quantification.lagda.md).
       Checking L.Coding.SatisfactionClauses (/Users/alsg/Agentic/Bedrock/src/L/Coding/SatisfactionClauses.lagda.md).
         Checking L.Coding.CodeConstructibility (/Users/alsg/Agentic/Bedrock/src/L/Coding/CodeConstructibility.lagda.md).
        Checking L.Coding.EnvironmentSet (/Users/alsg/Agentic/Bedrock/src/L/Coding/EnvironmentSet.lagda.md).
       Checking L.Coding.Satisfaction (/Users/alsg/Agentic/Bedrock/src/L/Coding/Satisfaction.lagda.md).
       Checking L.Coding.SatisfactionBridge (/Users/alsg/Agentic/Bedrock/src/L/Coding/SatisfactionBridge.lagda.md).
         Checking L.Coding.Closure (/Users/alsg/Agentic/Bedrock/src/L/Coding/Closure.lagda.md).
        Checking L.Coding.SubformulaClosure (/Users/alsg/Agentic/Bedrock/src/L/Coding/SubformulaClosure.lagda.md).
         Checking L.Coding.Descent (/Users/alsg/Agentic/Bedrock/src/L/Coding/Descent.lagda.md).
         Checking L.Coding.CodeShape (/Users/alsg/Agentic/Bedrock/src/L/Coding/CodeShape.lagda.md).
        Checking L.Coding.FormulaRecovery (/Users/alsg/Agentic/Bedrock/src/L/Coding/FormulaRecovery.lagda.md).
        Checking L.Recursion (/Users/alsg/Agentic/Bedrock/src/L/Recursion.lagda.md).
       Checking L.Coding.CodeSet (/Users/alsg/Agentic/Bedrock/src/L/Coding/CodeSet.lagda.md).
        Checking L.Coding.CodeDomain (/Users/alsg/Agentic/Bedrock/src/L/Coding/CodeDomain.lagda.md).
       Checking L.Coding.SatisfactionClauseSemantics (/Users/alsg/Agentic/Bedrock/src/L/Coding/SatisfactionClauseSemantics.lagda.md).
        Checking L.Coding.EnvironmentAgreement (/Users/alsg/Agentic/Bedrock/src/L/Coding/EnvironmentAgreement.lagda.md).
       Checking L.Coding.EnvironmentTower (/Users/alsg/Agentic/Bedrock/src/L/Coding/EnvironmentTower.lagda.md).
       Checking L.Coding.SatisfactionTable (/Users/alsg/Agentic/Bedrock/src/L/Coding/SatisfactionTable.lagda.md).
      Checking L.Coding.PinnedRecursion (/Users/alsg/Agentic/Bedrock/src/L/Coding/PinnedRecursion.lagda.md).
       Checking L.Coding.SatisfactionGraph (/Users/alsg/Agentic/Bedrock/src/L/Coding/SatisfactionGraph.lagda.md).
       Checking L.Coding.SlotClosure (/Users/alsg/Agentic/Bedrock/src/L/Coding/SlotClosure.lagda.md).
      Checking L.Coding.UniformSatisfaction (/Users/alsg/Agentic/Bedrock/src/L/Coding/UniformSatisfaction.lagda.md).
     Checking L.Coding.DefinablePowerSet (/Users/alsg/Agentic/Bedrock/src/L/Coding/DefinablePowerSet.lagda.md).
    Checking L.Coding.HierarchySequence (/Users/alsg/Agentic/Bedrock/src/L/Coding/HierarchySequence.lagda.md).
    Checking L.Choice.NameComparisonAdequacy (/Users/alsg/Agentic/Bedrock/src/L/Choice/NameComparisonAdequacy.lagda.md).
     Checking L.Choice.NameComparison (/Users/alsg/Agentic/Bedrock/src/L/Choice/NameComparison.lagda.md).
    Checking L.Choice.OrderTable (/Users/alsg/Agentic/Bedrock/src/L/Choice/OrderTable.lagda.md).
     Checking L.Hierarchy (/Users/alsg/Agentic/Bedrock/src/L/Hierarchy.lagda.md).
    Checking L.Choice.StageOrderAdequacy (/Users/alsg/Agentic/Bedrock/src/L/Choice/StageOrderAdequacy.lagda.md).
     Checking L.Choice.LimitStageOrder (/Users/alsg/Agentic/Bedrock/src/L/Choice/LimitStageOrder.lagda.md).
    Checking L.Choice.EarliestDisagreement (/Users/alsg/Agentic/Bedrock/src/L/Choice/EarliestDisagreement.lagda.md).
   Checking L.Choice.InternalWellOrder (/Users/alsg/Agentic/Bedrock/src/L/Choice/InternalWellOrder.lagda.md).
  Checking L.Choice.Transversal (/Users/alsg/Agentic/Bedrock/src/L/Choice/Transversal.lagda.md).
    Checking L.Recursion.Graph (/Users/alsg/Agentic/Bedrock/src/L/Recursion/Graph.lagda.md).
   Checking L.GCH.OmegaRecursion (/Users/alsg/Agentic/Bedrock/src/L/GCH/OmegaRecursion.lagda.md).
    Checking V.Presentation (/Users/alsg/Agentic/Bedrock/src/V/Presentation.lagda.md).
     Checking L.Mostowski (/Users/alsg/Agentic/Bedrock/src/L/Mostowski.lagda.md).
     Checking L.Cardinal (/Users/alsg/Agentic/Bedrock/src/L/Cardinal.lagda.md).
      Checking L.Ordinal.SquareLaw (/Users/alsg/Agentic/Bedrock/src/L/Ordinal/SquareLaw.lagda.md).
      Checking L.Coding.Injection (/Users/alsg/Agentic/Bedrock/src/L/Coding/Injection.lagda.md).
     Checking L.DefinableInjection (/Users/alsg/Agentic/Bedrock/src/L/DefinableInjection.lagda.md).
    Checking L.GCH.OrderType (/Users/alsg/Agentic/Bedrock/src/L/GCH/OrderType.lagda.md).
    Checking L.GCH.CardinalSquareLaw (/Users/alsg/Agentic/Bedrock/src/L/GCH/CardinalSquareLaw.lagda.md).
     Checking L.InjectionComposition (/Users/alsg/Agentic/Bedrock/src/L/InjectionComposition.lagda.md).
     Checking L.GCH.CardinalRepresentative (/Users/alsg/Agentic/Bedrock/src/L/GCH/CardinalRepresentative.lagda.md).
    Checking L.GCH.FiniteSequenceCoding (/Users/alsg/Agentic/Bedrock/src/L/GCH/FiniteSequenceCoding.lagda.md).
   Checking L.GCH.StageCountingTools (/Users/alsg/Agentic/Bedrock/src/L/GCH/StageCountingTools.lagda.md).
    Checking L.CardinalAbove (/Users/alsg/Agentic/Bedrock/src/L/CardinalAbove.lagda.md).
      Checking V.CantorBernstein (/Users/alsg/Agentic/Bedrock/src/V/CantorBernstein.lagda.md).
     Checking L.CantorBernstein (/Users/alsg/Agentic/Bedrock/src/L/CantorBernstein.lagda.md).
    Checking L.GCH (/Users/alsg/Agentic/Bedrock/src/L/GCH.lagda.md).
   Checking L.GCH.Assembly (/Users/alsg/Agentic/Bedrock/src/L/GCH/Assembly.lagda.md).
   Checking L.GCH.SkolemHull (/Users/alsg/Agentic/Bedrock/src/L/GCH/SkolemHull.lagda.md).
    Checking V.Collapse (/Users/alsg/Agentic/Bedrock/src/V/Collapse.lagda.md).
    Checking L.GCH.LeastWitnessMap (/Users/alsg/Agentic/Bedrock/src/L/GCH/LeastWitnessMap.lagda.md).
    Checking L.Coding.SatisfactionGraphSet (/Users/alsg/Agentic/Bedrock/src/L/Coding/SatisfactionGraphSet.lagda.md).
        Checking L.Coding.CodeDomainAdequacy (/Users/alsg/Agentic/Bedrock/src/L/Coding/CodeDomainAdequacy.lagda.md).
       Checking L.GCH.SatisfactionDescription (/Users/alsg/Agentic/Bedrock/src/L/GCH/SatisfactionDescription.lagda.md).
       Checking L.GCH.DefinablePowerSetDescription (/Users/alsg/Agentic/Bedrock/src/L/GCH/DefinablePowerSetDescription.lagda.md).
       Checking L.Coding.NumeralBound (/Users/alsg/Agentic/Bedrock/src/L/Coding/NumeralBound.lagda.md).
       Checking L.GCH.AdequateStages (/Users/alsg/Agentic/Bedrock/src/L/GCH/AdequateStages.lagda.md).
      Checking L.GCH.HierarchyDescription (/Users/alsg/Agentic/Bedrock/src/L/GCH/HierarchyDescription.lagda.md).
     Checking L.GCH.CondensationTransfer (/Users/alsg/Agentic/Bedrock/src/L/GCH/CondensationTransfer.lagda.md).
    Checking L.GCH.ConstructibleHull (/Users/alsg/Agentic/Bedrock/src/L/GCH/ConstructibleHull.lagda.md).
   Checking L.GCH.HullCounting (/Users/alsg/Agentic/Bedrock/src/L/GCH/HullCounting.lagda.md).
   Checking L.GCH.StageInjection (/Users/alsg/Agentic/Bedrock/src/L/GCH/StageInjection.lagda.md).
  Checking L.GCH.BoundedSubset (/Users/alsg/Agentic/Bedrock/src/L/GCH/BoundedSubset.lagda.md).
  Checking L.GCH.SuccessorIntoPowerSet (/Users/alsg/Agentic/Bedrock/src/L/GCH/SuccessorIntoPowerSet.lagda.md).
   Checking L.GCH.BelowSuccessorCardinal (/Users/alsg/Agentic/Bedrock/src/L/GCH/BelowSuccessorCardinal.lagda.md).
 Checking L.GCH.Theorem (/Users/alsg/Agentic/Bedrock/src/L/GCH/Theorem.lagda.md).
Checking Milestones (/Users/alsg/Agentic/Bedrock/src/Milestones.lagda.md).
