cd . && /opt/homebrew/bin/agda src/Milestones.lagda.md
.venv/bin/python scripts/gate/lint-prose.py --check
.venv/bin/python scripts/gate/lint-agda.py --check
.venv/bin/python scripts/gate/check-glossary.py --check
.venv/bin/python scripts/gate/check-term-introductions.py
term introductions: clean (32 reader terms)
.venv/bin/python scripts/gate/check-fences.py --check
check-fences: clean (120 masters, run threshold 3)
.venv/bin/python scripts/gate/check-reading-order.py
check-reading-order: clean (120 chapters; Milestones preview)
.venv/bin/python scripts/site/reading_routes.py --check
reading-routes: clean (10 routes; 120 chapters)
.venv/bin/python scripts/gate/check-chapter-framework.py
chapter-framework: 120 chapters, 686 titles, 0 errors
.venv/bin/python scripts/site/weave-i18n.py --check
.venv/bin/python -m unittest discover -s scripts/tests -p "test_*.py" -t scripts/tests -v
test_cycle_is_rejected_before_any_process_starts (test_agda_parallel.ParallelAgdaTests.test_cycle_is_rejected_before_any_process_starts) ... ok
test_graph_uses_only_imports_in_agda_fences (test_agda_parallel.ParallelAgdaTests.test_graph_uses_only_imports_in_agda_fences) ... ok
test_parallel_scheduler_respects_dependencies_and_merges_traces (test_agda_parallel.ParallelAgdaTests.test_parallel_scheduler_respects_dependencies_and_merges_traces) ... parallel Agda: precompiling 1 external dependencies
parallel Agda: 4 modules, 2 workers
[1/4] A
[2/4] C
[3/4] B
[4/4] Root
ok
test_a_chapter_read_elsewhere_says_where (test_agent_layer.AgentGuideTests.test_a_chapter_read_elsewhere_says_where)
The preview chapter has no page of its own, so the index gives the guide ... ok
test_a_description_that_only_restates_the_title_is_dropped (test_agent_layer.AgentGuideTests.test_a_description_that_only_restates_the_title_is_dropped)
Repeating the chapter title as its description costs an agent tokens and ... ok
test_a_library_page_is_not_claimed_as_a_chapter (test_agent_layer.AgentGuideTests.test_a_library_page_is_not_claimed_as_a_chapter) ... ok
test_the_guide_names_every_chapter_and_its_markdown_twin (test_agent_layer.AgentGuideTests.test_the_guide_names_every_chapter_and_its_markdown_twin) ... ok
test_the_page_config_carries_what_the_handover_needs (test_agent_layer.AgentGuideTests.test_the_page_config_carries_what_the_handover_needs) ... ok
test_the_page_description_places_a_chapter_the_catalog_does_not_describe (test_agent_layer.AgentGuideTests.test_the_page_description_places_a_chapter_the_catalog_does_not_describe) ... ok
test_a_library_page_is_addressed_by_its_own_name (test_agent_layer.ChapterAddressTests.test_a_library_page_is_addressed_by_its_own_name)
A module with no catalog entry is rendered for reference, not as a chapter. ... ok
test_a_plain_link_to_a_preview_chapter_goes_to_the_panel (test_agent_layer.ChapterAddressTests.test_a_plain_link_to_a_preview_chapter_goes_to_the_panel) ... ok
test_an_explicit_anchor_wins_over_the_panel (test_agent_layer.ChapterAddressTests.test_an_explicit_anchor_wins_over_the_panel)
The guide embeds the chapter's whole body, so an anchor the chapter defines ... ok
test_the_catalog_gives_a_preview_chapter_the_guide_panel (test_agent_layer.ChapterAddressTests.test_the_catalog_gives_a_preview_chapter_the_guide_panel) ... ok
test_the_catalog_gives_every_other_chapter_its_own_page (test_agent_layer.ChapterAddressTests.test_the_catalog_gives_every_other_chapter_its_own_page) ... ok
test_the_guide_panel_id_is_the_anchor_the_catalog_hands_out (test_agent_layer.ChapterAddressTests.test_the_guide_panel_id_is_the_anchor_the_catalog_hands_out) ... ok
test_machine_links_follow_source_on_the_second_line (test_agent_layer.FooterTests.test_machine_links_follow_source_on_the_second_line) ... ok
test_a_displayed_block_becomes_a_fence_that_stands_alone (test_agent_layer.MarkdownTwinTests.test_a_displayed_block_becomes_a_fence_that_stands_alone) ... ok
test_front_matter_states_where_the_chapter_sits (test_agent_layer.MarkdownTwinTests.test_front_matter_states_where_the_chapter_sits) ... ok
test_reader_markup_is_reduced_to_what_it_says (test_agent_layer.MarkdownTwinTests.test_reader_markup_is_reduced_to_what_it_says) ... ok
test_translations_name_the_other_editions_and_not_this_one (test_agent_layer.MarkdownTwinTests.test_translations_name_the_other_editions_and_not_this_one) ... ok
test_escaped_source_characters_come_back_unescaped (test_agent_layer.PlainCodeTests.test_escaped_source_characters_come_back_unescaped) ... ok
test_highlighting_is_stripped_back_to_the_agda_source (test_agent_layer.PlainCodeTests.test_highlighting_is_stripped_back_to_the_agda_source) ... ok
test_a_nested_block_is_not_numbered_separately (test_agent_layer.ProseAnchorTests.test_a_nested_block_is_not_numbered_separately)
The outermost block is the addressable unit, so a quoted paragraph shares ... ok
test_an_agda_block_is_left_to_its_own_token_anchors (test_agent_layer.ProseAnchorTests.test_an_agda_block_is_left_to_its_own_token_anchors) ... ok
test_headings_keep_their_own_scheme (test_agent_layer.ProseAnchorTests.test_headings_keep_their_own_scheme) ... ok
test_list_items_are_addressable_too (test_agent_layer.ProseAnchorTests.test_list_items_are_addressable_too) ... ok
test_numbering_does_not_depend_on_the_language (test_agent_layer.ProseAnchorTests.test_numbering_does_not_depend_on_the_language)
The three editions share anchors because they share block structure, which is ... ok
test_paragraphs_are_numbered_in_document_order (test_agent_layer.ProseAnchorTests.test_paragraphs_are_numbered_in_document_order) ... ok
test_adapter_contains_calls_but_no_tracing_implementation (test_bedrock_agda_adapter.BedrockAgdaAdapterTests.test_adapter_contains_calls_but_no_tracing_implementation) ... ok
test_adapter_hunk_headers_match_their_bodies (test_bedrock_agda_adapter.BedrockAgdaAdapterTests.test_adapter_hunk_headers_match_their_bodies) ... ok
test_adapter_only_touches_declared_semantic_hook_files (test_bedrock_agda_adapter.BedrockAgdaAdapterTests.test_adapter_only_touches_declared_semantic_hook_files) ... ok
test_build_bootstraps_the_pinned_happy_executable (test_bedrock_agda_adapter.BedrockAgdaAdapterTests.test_build_bootstraps_the_pinned_happy_executable) ... ok
test_environment_lock_pins_cubical_and_host_versions (test_bedrock_agda_adapter.BedrockAgdaAdapterTests.test_environment_lock_pins_cubical_and_host_versions) ... ok
test_universe_application_records_its_inferred_sort (test_bedrock_agda_adapter.BedrockAgdaAdapterTests.test_universe_application_records_its_inferred_sort) ... ok
test_version_lock_names_an_existing_thin_adapter (test_bedrock_agda_adapter.BedrockAgdaAdapterTests.test_version_lock_names_an_existing_thin_adapter) ... ok
test_english_fallback_cannot_hide_missing_japanese_heading (test_chapter_framework.FrameworkTests.test_english_fallback_cannot_hide_missing_japanese_heading) ... ok
test_heading_followed_by_code_or_next_heading_is_not_an_opening (test_chapter_framework.FrameworkTests.test_heading_followed_by_code_or_next_heading_is_not_an_opening) ... ok
test_partial_translation_with_separate_opening_group (test_chapter_framework.FrameworkTests.test_partial_translation_with_separate_opening_group) ... ok
test_shared_code_and_route_metadata_are_not_headings (test_chapter_framework.FrameworkTests.test_shared_code_and_route_metadata_are_not_headings) ... ok
test_subsection_levels_must_match (test_chapter_framework.FrameworkTests.test_subsection_levels_must_match) ... ok
test_other_html_comment_does_not_hide_unfenced_agda (test_check_fences.CheckFencesTests.test_other_html_comment_does_not_hide_unfenced_agda) ... ok
test_unfenced_agda_after_metadata_is_reported_at_original_lines (test_check_fences.CheckFencesTests.test_unfenced_agda_after_metadata_is_reported_at_original_lines) ... ok
test_valid_route_metadata_is_ignored_and_lines_are_preserved (test_check_fences.CheckFencesTests.test_valid_route_metadata_is_ignored_and_lines_are_preserved) ... ok
test_empty_source_is_an_error_not_a_zero_line_result (test_count_agda.CountAgdaTests.test_empty_source_is_an_error_not_a_zero_line_result) ... ok
test_header_and_final_line_count (test_count_agda.CountAgdaTests.test_header_and_final_line_count) ... ok
test_multiple_fences_and_blank_lines (test_count_agda.CountAgdaTests.test_multiple_fences_and_blank_lines) ... ok
test_prose_and_other_languages_do_not_count (test_count_agda.CountAgdaTests.test_prose_and_other_languages_do_not_count) ... ok
test_imports_ignore_prose_and_other_fences (test_depmap.DependencyMapTests.test_imports_ignore_prose_and_other_fences) ... ok
test_layouts_preserve_all_nodes_and_downward_edges (test_depmap.DependencyMapTests.test_layouts_preserve_all_nodes_and_downward_edges) ... ok
test_reduction_preserves_a_diamond (test_depmap.DependencyMapTests.test_reduction_preserves_a_diamond) ... ok
test_stages_follow_catalog_language_and_code (test_depmap.DependencyMapTests.test_stages_follow_catalog_language_and_code) ... ok
test_application_range_absorbs_its_closing_parenthesis (test_expression_hover.ExpressionHoverTests.test_application_range_absorbs_its_closing_parenthesis) ... ok
test_atomic_json_and_trace_compaction_round_trip_unicode (test_expression_hover.ExpressionHoverTests.test_atomic_json_and_trace_compaction_round_trip_unicode) ... ok
test_boundary_inside_highlight_token_is_split (test_expression_hover.ExpressionHoverTests.test_boundary_inside_highlight_token_is_split) ... ok
test_checked_local_signature_supplies_missing_name_type (test_expression_hover.ExpressionHoverTests.test_checked_local_signature_supplies_missing_name_type) ... ok
test_closing_parenthesis_deduplicates_the_same_application (test_expression_hover.ExpressionHoverTests.test_closing_parenthesis_deduplicates_the_same_application) ... ok
test_empty_module_needs_no_type_records (test_expression_hover.ExpressionHoverTests.test_empty_module_needs_no_type_records) ... ok
test_latest_trace_run_replaces_older_records_per_module (test_expression_hover.ExpressionHoverTests.test_latest_trace_run_replaces_older_records_per_module) ... ok
test_mixfix_hover_uses_canonical_definition_name (test_expression_hover.ExpressionHoverTests.test_mixfix_hover_uses_canonical_definition_name) ... ok
test_mixfix_reference_carries_its_canonical_name (test_expression_hover.ExpressionHoverTests.test_mixfix_reference_carries_its_canonical_name) ... ok
test_mobile_expression_interactions_keep_highlights_exclusive (test_expression_hover.ExpressionHoverTests.test_mobile_expression_interactions_keep_highlights_exclusive) ... ok
test_nested_source_ranges_wrap_highlighted_tokens (test_expression_hover.ExpressionHoverTests.test_nested_source_ranges_wrap_highlighted_tokens) ... ok
test_precise_application_record_wins_over_meta_type (test_expression_hover.ExpressionHoverTests.test_precise_application_record_wins_over_meta_type) ... ok
test_selected_preview_finds_referenced_type_sidecars (test_expression_hover.ExpressionHoverTests.test_selected_preview_finds_referenced_type_sidecars) ... ok
test_trace_normalization_maps_bindings_and_applications (test_expression_hover.ExpressionHoverTests.test_trace_normalization_maps_bindings_and_applications) ... ok
test_type_links_reuse_agda_syntax_aspects (test_expression_hover.ExpressionHoverTests.test_type_links_reuse_agda_syntax_aspects) ... ok
test_type_rendering_preserves_disambiguated_level_binders (test_expression_hover.ExpressionHoverTests.test_type_rendering_preserves_disambiguated_level_binders) ... ok
test_unlinked_bound_token_gets_its_occurrence_type (test_expression_hover.ExpressionHoverTests.test_unlinked_bound_token_gets_its_occurrence_type) ... ok
test_unmatched_ranges_are_not_rendered (test_expression_hover.ExpressionHoverTests.test_unmatched_ranges_are_not_rendered) ... ok
test_main_forwards_agda_option (test_extract_types.ExtractTypesTests.test_main_forwards_agda_option) ... ok
test_run_agda_uses_the_selected_executable (test_extract_types.ExtractTypesTests.test_run_agda_uses_the_selected_executable) ... ok
test_canonical_rendering_is_clean (test_glossary.FileCheckTests.test_canonical_rendering_is_clean) ... ok
test_english_doc_is_not_checked (test_glossary.FileCheckTests.test_english_doc_is_not_checked) ... ok
test_inline_ignore_suppresses_line (test_glossary.FileCheckTests.test_inline_ignore_suppresses_line) ... ok
test_ja_doc_flags_japanese_term (test_glossary.FileCheckTests.test_ja_doc_flags_japanese_term) ... ok
test_protected_region_is_skipped (test_glossary.FileCheckTests.test_protected_region_is_skipped) ... ok
test_scoped_ignore_suppresses_only_named_term (test_glossary.FileCheckTests.test_scoped_ignore_suppresses_only_named_term) ... ok
test_simplified_term_not_flagged_in_japanese (test_glossary.FileCheckTests.test_simplified_term_not_flagged_in_japanese) ... ok
test_untagged_term_fires_in_both_languages (test_glossary.FileCheckTests.test_untagged_term_fires_in_both_languages) ... ok
test_zh_doc_flags_avoided_term (test_glossary.FileCheckTests.test_zh_doc_flags_avoided_term) ... ok
test_build_checks_expands_tagged_and_untagged (test_glossary.GlossaryTableTests.test_build_checks_expands_tagged_and_untagged) ... ok
test_build_presence_selects_opted_in_rows (test_glossary.GlossaryTableTests.test_build_presence_selects_opted_in_rows) ... ok
test_load_glossary_preserves_order_and_optional_fields (test_glossary.GlossaryTableTests.test_load_glossary_preserves_order_and_optional_fields) ... ok
test_load_glossary_reads_toml (test_glossary.GlossaryTableTests.test_load_glossary_reads_toml) ... ok
test_english_aliases_are_word_bounded_and_language_scoped (test_glossary.MasterScopeTests.test_english_aliases_are_word_bounded_and_language_scoped) ... ok
test_master_presence_checks_only_present_translations (test_glossary.MasterScopeTests.test_master_presence_checks_only_present_translations) ... ok
test_route_metadata_checks_only_language_values (test_glossary.MasterScopeTests.test_route_metadata_checks_only_language_values) ... ok
test_zh_group_flagged_ja_group_flagged_en_group_clean (test_glossary.MasterScopeTests.test_zh_group_flagged_ja_group_flagged_en_group_clean) ... ok
test_clean_when_canonical_present (test_glossary.PresenceTests.test_clean_when_canonical_present) ... ok
test_english_term_only_in_protected_region_does_not_count (test_glossary.PresenceTests.test_english_term_only_in_protected_region_does_not_count) ... ok
test_japanese_uses_ja_rendering (test_glossary.PresenceTests.test_japanese_uses_ja_rendering) ... ok
test_no_warning_when_term_absent_in_english (test_glossary.PresenceTests.test_no_warning_when_term_absent_in_english) ... ok
test_scoped_ignore_in_target_suppresses (test_glossary.PresenceTests.test_scoped_ignore_in_target_suppresses) ... ok
test_warns_when_canonical_rendering_absent (test_glossary.PresenceTests.test_warns_when_canonical_rendering_absent) ... ok
test_agda_cannot_be_hidden_inside_a_translation (test_i18n.MarkerLintTests.test_agda_cannot_be_hidden_inside_a_translation) ... ok
test_good_master_is_clean (test_i18n.MarkerLintTests.test_good_master_is_clean) ... ok
test_marker_inside_code_fence (test_i18n.MarkerLintTests.test_marker_inside_code_fence) ... ok
test_non_agda_example_can_be_localized (test_i18n.MarkerLintTests.test_non_agda_example_can_be_localized) ... ok
test_stray_close (test_i18n.MarkerLintTests.test_stray_close) ... ok
test_unknown_language_code (test_i18n.MarkerLintTests.test_unknown_language_code) ... ok
test_unterminated_group (test_i18n.MarkerLintTests.test_unterminated_group) ... ok
test_code_identical_across_languages (test_i18n.WeaveTests.test_code_identical_across_languages) ... ok
test_en_keeps_english_and_code_and_shared (test_i18n.WeaveTests.test_en_keeps_english_and_code_and_shared) ... ok
test_group_languages (test_i18n.WeaveTests.test_group_languages) ... ok
test_zh_falls_back_to_english_when_absent (test_i18n.WeaveTests.test_zh_falls_back_to_english_when_absent) ... ok
test_zh_keeps_chinese_and_code (test_i18n.WeaveTests.test_zh_keeps_chinese_and_code) ... ok
test_repeated_cross_page_links_read_destination_once (test_link_check.LinkCheckTests.test_repeated_cross_page_links_read_destination_once) ... ok
test_reports_missing_cross_page_and_same_page_anchors (test_link_check.LinkCheckTests.test_reports_missing_cross_page_and_same_page_anchors) ... ok
test_valid_cross_page_encoded_and_same_page_anchors (test_link_check.LinkCheckTests.test_valid_cross_page_encoded_and_same_page_anchors) ... ok
test_missing_outer_qed_is_rejected_despite_nested_statements (test_lint_prose.QedTests.test_missing_outer_qed_is_rejected_despite_nested_statements) ... ok
test_missing_qed_is_rejected (test_lint_prose.QedTests.test_missing_qed_is_rejected) ... ok
test_only_outer_theorem_needs_qed_when_helpers_are_nested (test_lint_prose.QedTests.test_only_outer_theorem_needs_qed_when_helpers_are_nested) ... ok
test_top_level_construction_and_lemma_end_after_final_code_block (test_lint_prose.QedTests.test_top_level_construction_and_lemma_end_after_final_code_block) ... ok
test_labels_inside_agda_fences_are_ignored (test_lint_prose.TheoremLabelTests.test_labels_inside_agda_fences_are_ignored) ... ok
test_named_statements_and_proofs_accept_canonical_format (test_lint_prose.TheoremLabelTests.test_named_statements_and_proofs_accept_canonical_format) ... ok
test_numbered_milestone_heading_is_outside_named_statement_rule (test_lint_prose.TheoremLabelTests.test_numbered_milestone_heading_is_outside_named_statement_rule) ... ok
test_period_and_missing_statement_name_are_rejected (test_lint_prose.TheoremLabelTests.test_period_and_missing_statement_name_are_rejected) ... ok
test_blank_lines_do_not_count_toward_limit (test_literary_exposition.LiteraryExpositionTests.test_blank_lines_do_not_count_toward_limit) ... ok
test_commentary_cannot_hide_inside_code (test_literary_exposition.LiteraryExpositionTests.test_commentary_cannot_hide_inside_code) ... ok
test_fallback_cannot_cover_missing_language (test_literary_exposition.LiteraryExpositionTests.test_fallback_cannot_cover_missing_language) ... ok
test_five_nonempty_lines_pass (test_literary_exposition.LiteraryExpositionTests.test_five_nonempty_lines_pass) ... ok
test_heading_alone_is_not_explanation (test_literary_exposition.LiteraryExpositionTests.test_heading_alone_is_not_explanation) ... ok
test_machine_import_directive_is_preserved (test_literary_exposition.LiteraryExpositionTests.test_machine_import_directive_is_preserved) ... ok
test_ordinary_inline_comment_is_still_prose (test_literary_exposition.LiteraryExpositionTests.test_ordinary_inline_comment_is_still_prose) ... ok
test_route_metadata_is_neutral (test_literary_exposition.LiteraryExpositionTests.test_route_metadata_is_neutral) ... ok
test_shared_english_prose_is_rejected (test_literary_exposition.LiteraryExpositionTests.test_shared_english_prose_is_rejected) ... ok
test_six_nonempty_lines_fail (test_literary_exposition.LiteraryExpositionTests.test_six_nonempty_lines_fail) ... ok
test_annotation_in_list_item_stays_inline_and_stores_its_note (test_markdown_flow.MarkdownFlowTests.test_annotation_in_list_item_stays_inline_and_stores_its_note) ... ok
test_blank_line_still_separates_paragraphs (test_markdown_flow.MarkdownFlowTests.test_blank_line_still_separates_paragraphs) ... ok
test_code_and_display_math_still_interrupt_paragraphs (test_markdown_flow.MarkdownFlowTests.test_code_and_display_math_still_interrupt_paragraphs) ... ok
test_inline_content_does_not_split_blockquote_paragraph (test_markdown_flow.MarkdownFlowTests.test_inline_content_does_not_split_blockquote_paragraph) ... ok
test_inline_content_does_not_split_list_continuation (test_markdown_flow.MarkdownFlowTests.test_inline_content_does_not_split_list_continuation) ... ok
test_multiline_summary_with_agda_reference_is_collapsed_inline (test_markdown_flow.MarkdownFlowTests.test_multiline_summary_with_agda_reference_is_collapsed_inline) ... ok
test_paragraph_starting_with_inline_content_remains_a_paragraph (test_markdown_flow.MarkdownFlowTests.test_paragraph_starting_with_inline_content_remains_a_paragraph) ... ok
test_soft_wraps_around_inline_content_stay_in_one_paragraph (test_markdown_flow.MarkdownFlowTests.test_soft_wraps_around_inline_content_stay_in_one_paragraph) ... ok
test_summary_with_agda_reference_is_rendered_inline (test_markdown_flow.MarkdownFlowTests.test_summary_with_agda_reference_is_rendered_inline) ... ok
test_summary_without_agda_reference_is_unchanged (test_markdown_flow.MarkdownFlowTests.test_summary_without_agda_reference_is_unchanged) ... ok
test_definition_in_unreachable_module_is_reported (test_milestone_consumption.MilestoneConsumptionTests.test_definition_in_unreachable_module_is_reported) ... ok
test_missing_root_is_reported (test_milestone_consumption.MilestoneConsumptionTests.test_missing_root_is_reported) ... ok
test_transitive_modules_are_consumed (test_milestone_consumption.MilestoneConsumptionTests.test_transitive_modules_are_consumed) ... ok
test_english_edition_is_complete_and_unchanged (test_prose_fallback.ProseFallbackTests.test_english_edition_is_complete_and_unchanged) ... ok
test_english_table_inside_japanese_branch_is_folded (test_prose_fallback.ProseFallbackTests.test_english_table_inside_japanese_branch_is_folded) ... ok
test_english_with_quoted_chinese_term_is_folded (test_prose_fallback.ProseFallbackTests.test_english_with_quoted_chinese_term_is_folded) ... ok
test_japanese_opening_remains_expanded (test_prose_fallback.ProseFallbackTests.test_japanese_opening_remains_expanded) ... ok
test_missing_japanese_branch_folds_english_fallback (test_prose_fallback.ProseFallbackTests.test_missing_japanese_branch_folds_english_fallback) ... ok
test_renderer_code_placeholder_stays_outside_details (test_prose_fallback.ProseFallbackTests.test_renderer_code_placeholder_stays_outside_details) ... ok
test_shared_code_stays_visible_and_outside_details (test_prose_fallback.ProseFallbackTests.test_shared_code_stays_visible_and_outside_details) ... ok
test_shared_english_is_folded_but_shared_math_is_not (test_prose_fallback.ProseFallbackTests.test_shared_english_is_folded_but_shared_math_is_not) ... ok
test_single_line_display_math_does_not_consume_following_prose (test_prose_fallback.ProseFallbackTests.test_single_line_display_math_does_not_consume_following_prose) ... ok
test_symbol_and_technical_name_lists_stay_expanded (test_prose_fallback.ProseFallbackTests.test_symbol_and_technical_name_lists_stay_expanded) ... ok
test_backward_dependency_is_rejected (test_reading_order.ReadingOrderTests.test_backward_dependency_is_rejected) ... ok
test_catalog_requires_exactly_one_entry_per_master (test_reading_order.ReadingOrderTests.test_catalog_requires_exactly_one_entry_per_master) ... ok
test_preview_is_not_an_instructional_prerequisite (test_reading_order.ReadingOrderTests.test_preview_is_not_an_instructional_prerequisite) ... ok
test_prose_and_other_fences_are_not_imports (test_reading_order.ReadingOrderTests.test_prose_and_other_fences_are_not_imports) ... ok
test_catalog_text_order_and_fenced_direct_imports_are_authoritative (test_reading_routes.BuildTests.test_catalog_text_order_and_fenced_direct_imports_are_authoritative) ... ok
test_cli_reports_validation_errors (test_reading_routes.BuildTests.test_cli_reports_validation_errors) ... ok
test_japanese_catalog_is_not_appended_to_chinese_description (test_reading_routes.BuildTests.test_japanese_catalog_is_not_appended_to_chinese_description) ... ok
test_navigation_title_removes_prose_markup (test_reading_routes.BuildTests.test_navigation_title_removes_prose_markup) ... ok
test_strip_metadata_preserves_offsets_and_newlines (test_reading_routes.BuildTests.test_strip_metadata_preserves_offsets_and_newlines) ... ok
test_bad_id_language_unknown_and_uncovered_are_rejected (test_reading_routes.ValidationTests.test_bad_id_language_unknown_and_uncovered_are_rejected) ... ok
test_cycles_are_rejected (test_reading_routes.ValidationTests.test_cycles_are_rejected) ... ok
test_metadata_routes_ids_and_members_have_stable_types (test_reading_routes.ValidationTests.test_metadata_routes_ids_and_members_have_stable_types) ... ok
test_overlap_is_valid_but_repetition_within_one_route_is_not (test_reading_routes.ValidationTests.test_overlap_is_valid_but_repetition_within_one_route_is_not) ... ok
test_route_titles_and_descriptions_require_japanese (test_reading_routes.ValidationTests.test_route_titles_and_descriptions_require_japanese) ... ok
test_unknown_graph_nodes_are_rejected (test_reading_routes.ValidationTests.test_unknown_graph_nodes_are_rejected) ... ok
test_missing_language_is_rejected (test_terms.IntroductionGateTests.test_missing_language_is_rejected) ... ok
test_one_trilingual_introduction_passes (test_terms.IntroductionGateTests.test_one_trilingual_introduction_passes) ... ok
test_auto_links_prose_but_not_code_or_introduction (test_terms.RenderingTests.test_auto_links_prose_but_not_code_or_introduction) ... ok
test_english_matching_uses_word_boundaries (test_terms.RenderingTests.test_english_matching_uses_word_boundaries) ... ok
test_explicit_term_is_not_automatically_linked (test_terms.RenderingTests.test_explicit_term_is_not_automatically_linked) ... ok
test_heading_marker_keeps_plain_toc_label (test_terms.RenderingTests.test_heading_marker_keeps_plain_toc_label) ... ok
test_void_element_does_not_protect_following_prose (test_terms.RenderingTests.test_void_element_does_not_protect_following_prose) ... ok
test_duplicate_auto_form_is_rejected (test_terms.SchemaTests.test_duplicate_auto_form_is_rejected) ... ok
test_reader_entry_is_complete (test_terms.SchemaTests.test_reader_entry_is_complete) ... ok
test_reader_entry_must_choose_matching_policy (test_terms.SchemaTests.test_reader_entry_must_choose_matching_policy) ... ok

----------------------------------------------------------------------
Ran 175 tests in 0.870s

OK
ok   clean module
ok   seeded violations
ok   keep marker
ok   missing OPTIONS
ok   hiding is bare
ok   hProp snd projection
ok   no ghost usage

all lint-agda tests passed
