prepare: 124 entries, 124 verified objects
CheckRecursion.agda                        exit=0
InternalCheck.agda                         exit=0
WeightedCheckRecursion.agda                exit=0
InternalWeightedCheck.agda                 exit=0
K9/NameGround.agda                         exit=0
K11/CohenGeneric.agda                      exit=0
K9/BooleanSupport.agda                     exit=0
K10/CohenCompile.agda                      exit=0
K10/CohenValSeam.agda                      exit=0
K10/CohenPairUnion.agda                    exit=0
K10/CohenZFC.agda                          exit=0
K10/CohenBooleanCands.agda                 exit=0
K10/CohenBooleanSubset.agda                exit=0
K10/CohenNameIntro.agda                    exit=0
K10/CohenBooleanPower.agda                 exit=0
K10/CohenBooleanPowerMem.agda              exit=0
K10/CohenBooleanNamed.agda                 exit=0
K10/CohenBooleanRename.agda                exit=0
K10/CohenBooleanCheckMem.agda              exit=0
K10/CohenBooleanSubst.agda                 exit=0
K10/CohenBooleanDelta0.agda                exit=0
K10/CohenBooleanInductive.agda             exit=0
K10/CohenBooleanSuccApply.agda             exit=0
K10/CohenBooleanInductiveOmega.agda        exit=0
K10/CohenBooleanLeastEmpty.agda            exit=0
K10/CohenBooleanLeastSucc.agda             exit=0
K10/CohenBooleanLeastAll.agda              exit=0
K10/CohenBooleanOmegaLeast.agda            exit=0
K10/CohenBooleanWk1.agda                   exit=0
K10/CohenBooleanOmegaTop.agda              exit=0
K10/CohenBooleanOmegaSrc.agda              exit=0
K10/CohenBooleanOmegaEq.agda               exit=0
K10/CohenBooleanPowerSrc.agda              exit=0
K10/CohenBooleanPowerUnfold.agda           exit=0
K10/CohenBooleanPowerWeight.agda           exit=0
K10/CohenBooleanSubsetVal.agda             exit=0
K10/CohenBooleanPowerSub.agda              exit=0
K10/CohenBooleanMiximal.agda               exit=0
K10/CohenBooleanMiximalMem.agda            exit=0
K10/CohenBooleanMiximalCover.agda          exit=0
K10/CohenBooleanMiximalApprox.agda         exit=0
K10/CohenBooleanSubsetLe.agda              exit=0
K10/CohenBooleanMiximalLeft.agda           exit=0
K10/CohenBooleanSubsetMem.agda             exit=0
K10/CohenBooleanInnerBot.agda              exit=0
K10/CohenBooleanInjBot.agda                exit=0
K10/CohenBooleanInjWx.agda                 exit=0
K10/CohenBooleanInjSgl.agda                exit=0
K10/CohenBooleanInjSglCong.agda            exit=0
K10/CohenBooleanInjKPairFwd.agda           exit=0
K10/CohenBooleanInjSglUnique.agda          exit=0
K10/CohenBooleanInjKPairRev.agda           exit=0
K10/CohenBooleanInjForce.agda              exit=0
K10/CohenBooleanInjCcc.agda                exit=0
K10/CohenBooleanInjFiber.agda              exit=0
K10/CohenBooleanInjMem.agda                exit=0
K10/CohenBooleanInjCover.agda              exit=0
K10/CohenBooleanInjCheck.agda              exit=0
K10/CohenBooleanInjMaps.agda               exit=0
K10/CohenBooleanInjRn.agda                 exit=0
K10/CohenBooleanInjInner.agda              exit=0
K10/CohenBooleanInjTriple.agda             exit=0
K10/CohenBooleanInjAtom.agda               exit=0
K10/CohenBooleanInjPipe.agda               exit=0
K10/CohenBooleanInjCheckτ.agda            exit=0
K10/CohenBooleanInjHit.agda                exit=0
K10/CohenBooleanInjSelect.agda             exit=0
K10/CohenBooleanInjGlue.agda               exit=0
K10/CohenBooleanNotCH.agda                 exit=0
K10/CohenBooleanOmegaPart.agda             exit=0
K10/CohenBooleanPowerTop.agda              exit=0
K10/CohenBooleanCHBot.agda                 exit=0
K10/CohenTheorem.agda                      exit=0
K10/CohenCorrespondence.agda               exit=0
K11/CountableCohen.agda                    exit=0
K11/Corollary.agda                         exit=0
MissingFunction: expected exit 42 and type error verified.
MissingValueFunction: expected exit 42 and type error verified.
MissingCheckReading: expected exit 42 and type error verified.
MissingOnto: expected exit 42 and type error verified.
76 positive endpoint modules and four expected-failure controls verified.
