CCCTransfer.agda             exit=0 1s
CanonicalCertificate.agda    exit=0 1s
CertifiedCCCTransfer.agda    exit=0 2s
CodedCCCTransfer.agda        exit=0 1s
Cohen.agda                   exit=0 1s
CohenCCC.agda                exit=0 5s
CohenFibers.agda             exit=0 2s
CompletionOrder.agda         exit=0 1s
ComponentRepresentatives.agda exit=0 2s
ComponentStep.agda           exit=0 1s
ConnectedComponents.agda     exit=0 1s
Controls.agda                exit=0 1s
CoordinateDense.agda         exit=0 1s
CountableComponents.agda     exit=0 3s
CountableOperations.agda     exit=0 1s
CountableStars.agda          exit=0 1s
CountableUnion.agda          exit=0 1s
CountableZFC.agda            exit=0 1s
DeleteFamilies.agda          exit=0 1s
DeltaSystem.agda             exit=0 2s
DiagonalOrder.agda           exit=0 2s
DisjointFamilies.agda        exit=0 0s
DistinctDense.agda           exit=0 2s
DomainExtension.agda         exit=0 1s
DomainFamilies.agda          exit=0 2s
DomainFinite.agda            exit=0 1s
FamilyImages.agda            exit=0 1s
FiniteAmbient.agda           exit=0 0s
FiniteCountable.agda         exit=0 1s
FiniteEnumeration.agda       exit=0 1s
FiniteFibers.agda            exit=0 1s
FiniteOperations.agda        exit=0 0s
FinitePairs.agda             exit=0 1s
FinitePigeonhole.agda        exit=0 1s
FinitePower.agda             exit=0 1s
FiniteProduct.agda           exit=0 1s
FiniteSets.agda              exit=0 0s
FiniteSubsets.agda           exit=0 1s
FiniteUnion.agda             exit=0 1s
FiniteVocabulary.agda        exit=0 0s
FullDeltaSystem.agda         exit=0 4s
GroundSets.agda              exit=0 1s
LayerFamilies.agda           exit=0 1s
LexOrder.agda                exit=0 0s
MapOperations.agda           exit=0 1s
MapVocabulary.agda           exit=0 1s
OmegaFinite.agda             exit=0 0s
OmegaInduction.agda          exit=0 0s
OmegaMax.agda                exit=0 1s
OmegaPairing.agda            exit=0 1s
OmegaRecursion.agda          exit=0 1s
OmegaSuccessor.agda          exit=0 1s
PartialMaps.agda             exit=0 1s
Presentation.agda            exit=0 1s
RangeFinite.agda             exit=0 1s
RecursionInduction.agda      exit=0 1s
Restriction.agda             exit=0 1s
RootCompatibility.agda       exit=0 1s
Smoke.agda                   exit=0 10s
SubsetOrder.agda             exit=0 1s
Theorem.agda                 exit=0 6s
Uncountability.agda          exit=0 1s
K8 ALL MODULES VERIFIED
