Checking K10.CohenBooleanInjCcc (/Users/alsg/Agentic/Bedrock/.worktrees/forcing-cohen-k0/research/forcing/active/K10/CohenBooleanInjCcc.agda).
 Checking K7.ChainConditions (/Users/alsg/Agentic/Bedrock/.worktrees/forcing-cohen-k0/research/forcing/active/K7/ChainConditions.agda).
 Checking K8.CohenCCC (/Users/alsg/Agentic/Bedrock/.worktrees/forcing-cohen-k0/research/forcing/active/K8/CohenCCC.agda).
  Checking K8.DomainFamilies (/Users/alsg/Agentic/Bedrock/.worktrees/forcing-cohen-k0/research/forcing/active/K8/DomainFamilies.agda).
   Checking K8.CohenFibers (/Users/alsg/Agentic/Bedrock/.worktrees/forcing-cohen-k0/research/forcing/active/K8/CohenFibers.agda).
    Checking K8.FiniteFibers (/Users/alsg/Agentic/Bedrock/.worktrees/forcing-cohen-k0/research/forcing/active/K8/FiniteFibers.agda).
     Checking K8.FiniteSubsets (/Users/alsg/Agentic/Bedrock/.worktrees/forcing-cohen-k0/research/forcing/active/K8/FiniteSubsets.agda).
     Checking K8.FiniteAmbient (/Users/alsg/Agentic/Bedrock/.worktrees/forcing-cohen-k0/research/forcing/active/K8/FiniteAmbient.agda).
     Checking K8.FinitePower (/Users/alsg/Agentic/Bedrock/.worktrees/forcing-cohen-k0/research/forcing/active/K8/FinitePower.agda).
     Checking K8.FiniteProduct (/Users/alsg/Agentic/Bedrock/.worktrees/forcing-cohen-k0/research/forcing/active/K8/FiniteProduct.agda).
   Checking K8.FamilyImages (/Users/alsg/Agentic/Bedrock/.worktrees/forcing-cohen-k0/research/forcing/active/K8/FamilyImages.agda).
    Checking K8.Uncountability (/Users/alsg/Agentic/Bedrock/.worktrees/forcing-cohen-k0/research/forcing/active/K8/Uncountability.agda).
     Checking K8.CountableUnion (/Users/alsg/Agentic/Bedrock/.worktrees/forcing-cohen-k0/research/forcing/active/K8/CountableUnion.agda).
      Checking K8.FiniteEnumeration (/Users/alsg/Agentic/Bedrock/.worktrees/forcing-cohen-k0/research/forcing/active/K8/FiniteEnumeration.agda).
   Checking K8.FiniteCountable (/Users/alsg/Agentic/Bedrock/.worktrees/forcing-cohen-k0/research/forcing/active/K8/FiniteCountable.agda).
   Checking K8.CountableZFC (/Users/alsg/Agentic/Bedrock/.worktrees/forcing-cohen-k0/research/forcing/active/K8/CountableZFC.agda).
    Checking K8.CountableOperations (/Users/alsg/Agentic/Bedrock/.worktrees/forcing-cohen-k0/research/forcing/active/K8/CountableOperations.agda).
     Checking K8.FinitePairs (/Users/alsg/Agentic/Bedrock/.worktrees/forcing-cohen-k0/research/forcing/active/K8/FinitePairs.agda).
    Checking K8.DiagonalOrder (/Users/alsg/Agentic/Bedrock/.worktrees/forcing-cohen-k0/research/forcing/active/K8/DiagonalOrder.agda).
     Checking K8.OmegaMax (/Users/alsg/Agentic/Bedrock/.worktrees/forcing-cohen-k0/research/forcing/active/K8/OmegaMax.agda).
     Checking K8.LexOrder (/Users/alsg/Agentic/Bedrock/.worktrees/forcing-cohen-k0/research/forcing/active/K8/LexOrder.agda).
     Checking K8.OmegaPairing (/Users/alsg/Agentic/Bedrock/.worktrees/forcing-cohen-k0/research/forcing/active/K8/OmegaPairing.agda).
      Checking K8.FinitePigeonhole (/Users/alsg/Agentic/Bedrock/.worktrees/forcing-cohen-k0/research/forcing/active/K8/FinitePigeonhole.agda).
  Checking K8.RootCompatibility (/Users/alsg/Agentic/Bedrock/.worktrees/forcing-cohen-k0/research/forcing/active/K8/RootCompatibility.agda).
   Checking K8.Restriction (/Users/alsg/Agentic/Bedrock/.worktrees/forcing-cohen-k0/research/forcing/active/K8/Restriction.agda).
  Checking K8.DeltaSystem (/Users/alsg/Agentic/Bedrock/.worktrees/forcing-cohen-k0/research/forcing/active/K8/DeltaSystem.agda).
   Checking K8.OmegaSuccessor (/Users/alsg/Agentic/Bedrock/.worktrees/forcing-cohen-k0/research/forcing/active/K8/OmegaSuccessor.agda).
   Checking K8.CountableStars (/Users/alsg/Agentic/Bedrock/.worktrees/forcing-cohen-k0/research/forcing/active/K8/CountableStars.agda).
   Checking K8.DeleteFamilies (/Users/alsg/Agentic/Bedrock/.worktrees/forcing-cohen-k0/research/forcing/active/K8/DeleteFamilies.agda).
   Checking K8.DisjointFamilies (/Users/alsg/Agentic/Bedrock/.worktrees/forcing-cohen-k0/research/forcing/active/K8/DisjointFamilies.agda).
   Checking K8.LayerFamilies (/Users/alsg/Agentic/Bedrock/.worktrees/forcing-cohen-k0/research/forcing/active/K8/LayerFamilies.agda).
  Checking K8.FullDeltaSystem (/Users/alsg/Agentic/Bedrock/.worktrees/forcing-cohen-k0/research/forcing/active/K8/FullDeltaSystem.agda).
   Checking K8.CountableComponents (/Users/alsg/Agentic/Bedrock/.worktrees/forcing-cohen-k0/research/forcing/active/K8/CountableComponents.agda).
    Checking K8.ConnectedComponents (/Users/alsg/Agentic/Bedrock/.worktrees/forcing-cohen-k0/research/forcing/active/K8/ConnectedComponents.agda).
    Checking K8.ComponentStep (/Users/alsg/Agentic/Bedrock/.worktrees/forcing-cohen-k0/research/forcing/active/K8/ComponentStep.agda).
    Checking K8.RecursionInduction (/Users/alsg/Agentic/Bedrock/.worktrees/forcing-cohen-k0/research/forcing/active/K8/RecursionInduction.agda).
     Checking K8.OmegaRecursion (/Users/alsg/Agentic/Bedrock/.worktrees/forcing-cohen-k0/research/forcing/active/K8/OmegaRecursion.agda).
      Checking K8.DomainExtension (/Users/alsg/Agentic/Bedrock/.worktrees/forcing-cohen-k0/research/forcing/active/K8/DomainExtension.agda).
   Checking K8.ComponentRepresentatives (/Users/alsg/Agentic/Bedrock/.worktrees/forcing-cohen-k0/research/forcing/active/K8/ComponentRepresentatives.agda).

EXIT=0
