Checking K10.CohenCompile (/Users/alsg/Agentic/Bedrock/.worktrees/forcing-cohen-k0/research/forcing/active/K10/CohenCompile.agda).
 Checking NameSpace (/Users/alsg/Agentic/Bedrock/.worktrees/forcing-cohen-k0/research/forcing/active/NameSpace.agda).
 Checking K5.InstanceValue (/Users/alsg/Agentic/Bedrock/.worktrees/forcing-cohen-k0/research/forcing/active/K5/InstanceValue.agda).
  Checking K4.Compile (/Users/alsg/Agentic/Bedrock/.worktrees/forcing-cohen-k0/research/forcing/active/K4/Compile.agda).
   Checking FOL.Manipulation.ConstantOccurrences (/Users/alsg/Agentic/Bedrock/.worktrees/forcing-cohen-k0/research/forcing/active/reference-production/src/FOL/Manipulation/ConstantOccurrences.lagda.md).
   Checking FOL.Manipulation.ParameterAbstraction (/Users/alsg/Agentic/Bedrock/.worktrees/forcing-cohen-k0/research/forcing/active/reference-production/src/FOL/Manipulation/ParameterAbstraction.lagda.md).
 Checking K9.BooleanAtomic (/Users/alsg/Agentic/Bedrock/.worktrees/forcing-cohen-k0/research/forcing/active/K9/BooleanAtomic.agda).
 Checking K10.CohenDomain (/Users/alsg/Agentic/Bedrock/.worktrees/forcing-cohen-k0/research/forcing/active/K10/CohenDomain.agda).
  Checking K4.AtomicGraph (/Users/alsg/Agentic/Bedrock/.worktrees/forcing-cohen-k0/research/forcing/active/K4/AtomicGraph.agda).
  Checking K10.CohenAtomicTable (/Users/alsg/Agentic/Bedrock/.worktrees/forcing-cohen-k0/research/forcing/active/K10/CohenAtomicTable.agda).
   Checking K10.CohenTableReading (/Users/alsg/Agentic/Bedrock/.worktrees/forcing-cohen-k0/research/forcing/active/K10/CohenTableReading.agda).
    Checking K9.BooleanNameGround (/Users/alsg/Agentic/Bedrock/.worktrees/forcing-cohen-k0/research/forcing/active/K9/BooleanNameGround.agda).
     Checking K9.BooleanTranslation (/Users/alsg/Agentic/Bedrock/.worktrees/forcing-cohen-k0/research/forcing/active/K9/BooleanTranslation.agda).
     Checking K9.BooleanCheckReflection (/Users/alsg/Agentic/Bedrock/.worktrees/forcing-cohen-k0/research/forcing/active/K9/BooleanCheckReflection.agda).
    Checking K10.CohenTableGraph (/Users/alsg/Agentic/Bedrock/.worktrees/forcing-cohen-k0/research/forcing/active/K10/CohenTableGraph.agda).
    Checking K10.CohenGoodTable (/Users/alsg/Agentic/Bedrock/.worktrees/forcing-cohen-k0/research/forcing/active/K10/CohenGoodTable.agda).
  Checking K10.CohenGoodFormula (/Users/alsg/Agentic/Bedrock/.worktrees/forcing-cohen-k0/research/forcing/active/K10/CohenGoodFormula.agda).
  Checking K10.CohenGoodProof (/Users/alsg/Agentic/Bedrock/.worktrees/forcing-cohen-k0/research/forcing/active/K10/CohenGoodProof.agda).
   Checking K10.CohenImageValue (/Users/alsg/Agentic/Bedrock/.worktrees/forcing-cohen-k0/research/forcing/active/K10/CohenImageValue.agda).
   Checking K10.CohenWeightMeet (/Users/alsg/Agentic/Bedrock/.worktrees/forcing-cohen-k0/research/forcing/active/K10/CohenWeightMeet.agda).
  Checking K10.CohenCompare (/Users/alsg/Agentic/Bedrock/.worktrees/forcing-cohen-k0/research/forcing/active/K10/CohenCompare.agda).

EXIT=0
