Checking K10.CohenCompile (/Users/alsg/Agentic/Bedrock/research/forcing/active/K10/CohenCompile.agda).
 Checking Base.Prelude (/Users/alsg/Agentic/Bedrock/research/forcing/active/reference-production/src/Base/Prelude.lagda.md).
 Checking Base.Truth (/Users/alsg/Agentic/Bedrock/research/forcing/active/reference-production/src/Base/Truth.lagda.md).
 Checking Base.Classical (/Users/alsg/Agentic/Bedrock/research/forcing/active/reference-production/src/Base/Classical.lagda.md).
  Checking Base.Impredicativity (/Users/alsg/Agentic/Bedrock/research/forcing/active/reference-production/src/Base/Impredicativity.lagda.md).
 Checking FOL.ZFStructure (/Users/alsg/Agentic/Bedrock/research/forcing/active/reference-production/src/FOL/ZFStructure.lagda.md).
 Checking NameKernel (/Users/alsg/Agentic/Bedrock/research/forcing/active/NameKernel.agda).
  Checking FOL.Syntax (/Users/alsg/Agentic/Bedrock/research/forcing/active/reference-production/src/FOL/Syntax.lagda.md).
  Checking OrdinaryProfile (/Users/alsg/Agentic/Bedrock/research/forcing/active/OrdinaryProfile.agda).
   Checking FOL.Semantics (/Users/alsg/Agentic/Bedrock/research/forcing/active/reference-production/src/FOL/Semantics.lagda.md).
   Checking FOL.Manipulation.Renaming (/Users/alsg/Agentic/Bedrock/research/forcing/active/reference-production/src/FOL/Manipulation/Renaming.lagda.md).
  Checking GroundDescription (/Users/alsg/Agentic/Bedrock/research/forcing/active/GroundDescription.agda).
   Checking FOL.ZFModel (/Users/alsg/Agentic/Bedrock/research/forcing/active/reference-production/src/FOL/ZFModel.lagda.md).
  Checking CodedVocabulary (/Users/alsg/Agentic/Bedrock/research/forcing/active/CodedVocabulary.agda).
   Checking FOL.LevyHierarchy (/Users/alsg/Agentic/Bedrock/research/forcing/active/reference-production/src/FOL/LevyHierarchy.lagda.md).
   Checking CardinalBridge (/Users/alsg/Agentic/Bedrock/research/forcing/active/CardinalBridge.agda).
 Checking NameSpace (/Users/alsg/Agentic/Bedrock/research/forcing/active/NameSpace.agda).
  Checking NameSupport (/Users/alsg/Agentic/Bedrock/research/forcing/active/NameSupport.agda).
  Checking NameImage (/Users/alsg/Agentic/Bedrock/research/forcing/active/NameImage.agda).
 Checking K4.Algebra (/Users/alsg/Agentic/Bedrock/research/forcing/active/K4/Algebra.agda).
 Checking K5.InstanceValue (/Users/alsg/Agentic/Bedrock/research/forcing/active/K5/InstanceValue.agda).
  Checking CodedCompletion (/Users/alsg/Agentic/Bedrock/research/forcing/active/CodedCompletion.agda).
   Checking ForcingNotion (/Users/alsg/Agentic/Bedrock/research/forcing/active/ForcingNotion.agda).
   Checking HostRegularOpen (/Users/alsg/Agentic/Bedrock/research/forcing/active/HostRegularOpen.agda).
    Checking Algebra (/Users/alsg/Agentic/Bedrock/research/forcing/active/Algebra.agda).
  Checking K4.InstanceCoded (/Users/alsg/Agentic/Bedrock/research/forcing/active/K4/InstanceCoded.agda).
  Checking K4.Compile (/Users/alsg/Agentic/Bedrock/research/forcing/active/K4/Compile.agda).
   Checking K4.Implication (/Users/alsg/Agentic/Bedrock/research/forcing/active/K4/Implication.agda).
   Checking K4.Infinitary (/Users/alsg/Agentic/Bedrock/research/forcing/active/K4/Infinitary.agda).
   Checking K4.ValueSets (/Users/alsg/Agentic/Bedrock/research/forcing/active/K4/ValueSets.agda).
   Checking FOL.Manipulation.ConstantOccurrences (/Users/alsg/Agentic/Bedrock/research/forcing/active/reference-production/src/FOL/Manipulation/ConstantOccurrences.lagda.md).
    Checking FOL.Manipulation.ConstantMapping (/Users/alsg/Agentic/Bedrock/research/forcing/active/reference-production/src/FOL/Manipulation/ConstantMapping.lagda.md).
   Checking FOL.Manipulation.ParameterAbstraction (/Users/alsg/Agentic/Bedrock/research/forcing/active/reference-production/src/FOL/Manipulation/ParameterAbstraction.lagda.md).
 Checking K9.NameGround (/Users/alsg/Agentic/Bedrock/research/forcing/active/K9/NameGround.agda).
  Checking StandardNames (/Users/alsg/Agentic/Bedrock/research/forcing/active/StandardNames.agda).
  Checking K5.Structures (/Users/alsg/Agentic/Bedrock/research/forcing/active/K5/Structures.agda).
   Checking Valuation (/Users/alsg/Agentic/Bedrock/research/forcing/active/Valuation.agda).
  Checking K8.GroundSets (/Users/alsg/Agentic/Bedrock/research/forcing/active/K8/GroundSets.agda).
   Checking K7.CardinalOrder (/Users/alsg/Agentic/Bedrock/research/forcing/active/K7/CardinalOrder.agda).
  Checking K8.FiniteUnion (/Users/alsg/Agentic/Bedrock/research/forcing/active/K8/FiniteUnion.agda).
   Checking K8.FiniteVocabulary (/Users/alsg/Agentic/Bedrock/research/forcing/active/K8/FiniteVocabulary.agda).
   Checking K8.FiniteSets (/Users/alsg/Agentic/Bedrock/research/forcing/active/K8/FiniteSets.agda).
   Checking K8.FiniteOperations (/Users/alsg/Agentic/Bedrock/research/forcing/active/K8/FiniteOperations.agda).
  Checking K8.Cohen (/Users/alsg/Agentic/Bedrock/research/forcing/active/K8/Cohen.agda).
   Checking K8.PartialMaps (/Users/alsg/Agentic/Bedrock/research/forcing/active/K8/PartialMaps.agda).
    Checking K8.MapVocabulary (/Users/alsg/Agentic/Bedrock/research/forcing/active/K8/MapVocabulary.agda).
   Checking K8.Presentation (/Users/alsg/Agentic/Bedrock/research/forcing/active/K8/Presentation.agda).
   Checking K8.MapOperations (/Users/alsg/Agentic/Bedrock/research/forcing/active/K8/MapOperations.agda).
   Checking K8.CoordinateDense (/Users/alsg/Agentic/Bedrock/research/forcing/active/K8/CoordinateDense.agda).
 Checking K9.BooleanAtomic (/Users/alsg/Agentic/Bedrock/research/forcing/active/K9/BooleanAtomic.agda).
  Checking TranslateForward (/Users/alsg/Agentic/Bedrock/research/forcing/active/TranslateForward.agda).
  Checking K4.Atomic (/Users/alsg/Agentic/Bedrock/research/forcing/active/K4/Atomic.agda).
  Checking K4.AtomicLaws (/Users/alsg/Agentic/Bedrock/research/forcing/active/K4/AtomicLaws.agda).
  Checking K4.CheckValues (/Users/alsg/Agentic/Bedrock/research/forcing/active/K4/CheckValues.agda).
  Checking K5.InstanceBase (/Users/alsg/Agentic/Bedrock/research/forcing/active/K5/InstanceBase.agda).
   Checking K5.Frame (/Users/alsg/Agentic/Bedrock/research/forcing/active/K5/Frame.agda).
   Checking K5.Dense (/Users/alsg/Agentic/Bedrock/research/forcing/active/K5/Dense.agda).
  Checking K9.TranslatedCheck (/Users/alsg/Agentic/Bedrock/research/forcing/active/K9/TranslatedCheck.agda).
   Checking K9.BooleanSeparation (/Users/alsg/Agentic/Bedrock/research/forcing/active/K9/BooleanSeparation.agda).
  Checking K9.BooleanSupport (/Users/alsg/Agentic/Bedrock/research/forcing/active/K9/BooleanSupport.agda).
 Checking K10.CohenDomain (/Users/alsg/Agentic/Bedrock/research/forcing/active/K10/CohenDomain.agda).
  Checking K4.AtomicGraph (/Users/alsg/Agentic/Bedrock/research/forcing/active/K4/AtomicGraph.agda).
  Checking K10.CohenAtomicTable (/Users/alsg/Agentic/Bedrock/research/forcing/active/K10/CohenAtomicTable.agda).
   Checking K10.CohenTableReading (/Users/alsg/Agentic/Bedrock/research/forcing/active/K10/CohenTableReading.agda).
    Checking K9.BooleanNameGround (/Users/alsg/Agentic/Bedrock/research/forcing/active/K9/BooleanNameGround.agda).
     Checking K9.BooleanTranslation (/Users/alsg/Agentic/Bedrock/research/forcing/active/K9/BooleanTranslation.agda).
     Checking K9.BooleanCheckReflection (/Users/alsg/Agentic/Bedrock/research/forcing/active/K9/BooleanCheckReflection.agda).
    Checking K10.CohenTableGraph (/Users/alsg/Agentic/Bedrock/research/forcing/active/K10/CohenTableGraph.agda).
    Checking K10.CohenGoodTable (/Users/alsg/Agentic/Bedrock/research/forcing/active/K10/CohenGoodTable.agda).
  Checking K10.CohenGoodFormula (/Users/alsg/Agentic/Bedrock/research/forcing/active/K10/CohenGoodFormula.agda).
  Checking K10.CohenGoodProof (/Users/alsg/Agentic/Bedrock/research/forcing/active/K10/CohenGoodProof.agda).
   Checking K10.CohenImageValue (/Users/alsg/Agentic/Bedrock/research/forcing/active/K10/CohenImageValue.agda).
   Checking K10.CohenWeightMeet (/Users/alsg/Agentic/Bedrock/research/forcing/active/K10/CohenWeightMeet.agda).
  Checking K10.CohenCompare (/Users/alsg/Agentic/Bedrock/research/forcing/active/K10/CohenCompare.agda).

EXIT=0
